// Jest Snapshot v1, https://goo.gl/fbAQLP

exports[`Probando componente <Counter /> Validar funcionamiento de botones 1`] = `
<div>
  <button
    onClick={[Function]}
  />
  <button
    onClick={[Function]}
  />
  <h1>
    0
  </h1>
</div>
`;

exports[`Probando componente <Counter /> Validar que coincida con Snapshot 1`] = `
<div>
  <button
    onClick={[Function]}
  />
  <button
    onClick={[Function]}
  />
  <h1>
    0
  </h1>
</div>
`;

exports[`Probando componente <Counter /> Validar que coincida con Snapshot 2`] = `
<div>
  <button
    onClick={[Function]}
  />
  <button
    onClick={[Function]}
  />
  <h1>
    0
  </h1>
</div>
`;
